// Jest Snapshot v1, https://goo.gl/fbAQLP

exports[`Header renders properly 1`] = `
ShallowWrapper {
  Symbol(enzyme.__root__): [Circular],
  Symbol(enzyme.__unrendered__): <Header />,
  Symbol(enzyme.__renderer__): Object {
    "batchedUpdates": [Function],
    "getNode": [Function],
    "render": [Function],
    "simulateError": [Function],
    "simulateEvent": [Function],
    "unmount": [Function],
  },
  Symbol(enzyme.__node__): Object {
    "instance": null,
    "key": undefined,
    "nodeType": "function",
    "props": Object {
      "children": Array [
        <HelmetWrapper
          defer={true}
          encodeSpecialCharacters={true}
        >
          <title>
            MPR (Medicine Price Registry) - OpenUp
          </title>
        </HelmetWrapper>,
        <div
          className="container"
        >
          <h1
            className="header"
          >
            What should your medicines cost?
          </h1>
        </div>,
      ],
    },
    "ref": null,
    "rendered": Array [
      Object {
        "instance": null,
        "key": undefined,
        "nodeType": "class",
        "props": Object {
          "children": <title>
            MPR (Medicine Price Registry) - OpenUp
          </title>,
          "defer": true,
          "encodeSpecialCharacters": true,
        },
        "ref": null,
        "rendered": Object {
          "instance": null,
          "key": undefined,
          "nodeType": "host",
          "props": Object {
            "children": "MPR (Medicine Price Registry) - OpenUp",
          },
          "ref": null,
          "rendered": "MPR (Medicine Price Registry) - OpenUp",
          "type": "title",
        },
        "type": [Function],
      },
      Object {
        "instance": null,
        "key": undefined,
        "nodeType": "host",
        "props": Object {
          "children": <h1
            className="header"
          >
            What should your medicines cost?
          </h1>,
          "className": "container",
        },
        "ref": null,
        "rendered": Object {
          "instance": null,
          "key": undefined,
          "nodeType": "host",
          "props": Object {
            "children": "What should your medicines cost?",
            "className": "header",
          },
          "ref": null,
          "rendered": "What should your medicines cost?",
          "type": "h1",
        },
        "type": "div",
      },
    ],
    "type": Symbol(react.fragment),
  },
  Symbol(enzyme.__nodes__): Array [
    Object {
      "instance": null,
      "key": undefined,
      "nodeType": "function",
      "props": Object {
        "children": Array [
          <HelmetWrapper
            defer={true}
            encodeSpecialCharacters={true}
          >
            <title>
              MPR (Medicine Price Registry) - OpenUp
            </title>
          </HelmetWrapper>,
          <div
            className="container"
          >
            <h1
              className="header"
            >
              What should your medicines cost?
            </h1>
          </div>,
        ],
      },
      "ref": null,
      "rendered": Array [
        Object {
          "instance": null,
          "key": undefined,
          "nodeType": "class",
          "props": Object {
            "children": <title>
              MPR (Medicine Price Registry) - OpenUp
            </title>,
            "defer": true,
            "encodeSpecialCharacters": true,
          },
          "ref": null,
          "rendered": Object {
            "instance": null,
            "key": undefined,
            "nodeType": "host",
            "props": Object {
              "children": "MPR (Medicine Price Registry) - OpenUp",
            },
            "ref": null,
            "rendered": "MPR (Medicine Price Registry) - OpenUp",
            "type": "title",
          },
          "type": [Function],
        },
        Object {
          "instance": null,
          "key": undefined,
          "nodeType": "host",
          "props": Object {
            "children": <h1
              className="header"
            >
              What should your medicines cost?
            </h1>,
            "className": "container",
          },
          "ref": null,
          "rendered": Object {
            "instance": null,
            "key": undefined,
            "nodeType": "host",
            "props": Object {
              "children": "What should your medicines cost?",
              "className": "header",
            },
            "ref": null,
            "rendered": "What should your medicines cost?",
            "type": "h1",
          },
          "type": "div",
        },
      ],
      "type": Symbol(react.fragment),
    },
  ],
  Symbol(enzyme.__options__): Object {
    "adapter": ReactSixteenAdapter {
      "options": Object {
        "enableComponentDidUpdateOnSetState": true,
        "lifecycles": Object {
          "componentDidUpdate": Object {
            "onSetState": true,
          },
          "getDerivedStateFromProps": true,
          "getSnapshotBeforeUpdate": true,
          "setState": Object {
            "skipsComponentDidUpdateOnNullish": true,
          },
        },
      },
    },
  },
}
`;
